// Jest Snapshot v1, https://goo.gl/fbAQLP

exports[`Class builder works well when matches giving code style 1`] = `
"class AccountRepository extends RepositoryBase {
    account() {
        return this.get('/api/account');
    }
    signin(payload) {
        return this.post('/api/account/signin', payload);
    }
    agreement(payload) {
        return this.get(\`/api/agreement\${ this.toQuery(payload) }\`);
    }
    details(payload) {
        return this.get(\`/api/agreement/{id}/details\${ this.toQuery(payload) }\`);
    }
}"
`;
