// Jest Snapshot v1, https://goo.gl/fbAQLP

exports[`Model builder works well when matches giving code style 1`] = `
"export interface IAccountInfo {
    userName: string;
    firstName: string;
    lastName: string;
}

export interface ISignInRequestModel {
    user: string;
    password: string;
}

export interface ISignInResponseModel {
    success: boolean;
    resultCode: 'Success' | 'InvalidLoginOrPassword';
    accessToken: string;
    refreshToken: string;
}

export interface IAgreementModel {
    taskType: 'AllTasks' | 'Unknown' | 'Vacation' | 'Outsourcing' | 'Overtime' | 'Agreement' | 'PaymentRequest';
    initiator: string;
    deadline: string;
    status: string;
    id: number;
    title: string;
    created: string;
    creatorEmail: string;
    creatorFirstName: string;
    creatorLastName: string;
    modified: string;
    editor: string;
    assignedTo: string;
}

export interface ITaskCountModel {
    kind: 'AllTasks' | 'Unknown' | 'Vacation' | 'Outsourcing' | 'Overtime' | 'Agreement' | 'PaymentRequest';
    count: number;
}

export interface IDetailsAgreementModel {
    taskType: 'AllTasks' | 'Unknown' | 'Vacation' | 'Outsourcing' | 'Overtime' | 'Agreement' | 'PaymentRequest';
    company: string;
    signer: string;
    signerEmail: string;
    note: string;
    initiator: string;
    iniciatorEmail: string;
    departmentBoss: string;
    departmentBossEmail: string;
    deadLine: string;
    afterAgreement: string;
    isSignAndSend: boolean;
    sendAddress: string;
    status: string;
    commentary: string;
    leadURL: string;
    agreementNo: string;
    docId: string;
    agreementType: string;
    department: string;
    receiveDate: string;
    project: string;
    contractDate: string;
    counterparty: string;
    currency: string;
    isRegisrty: boolean;
    isSendToAgreement: boolean;
    amount: string;
    paymentPlan: boolean;
    paymentStartDate: string;
    paymentEndDate: string;
    contractType: string;
    mainAgreement: string;
    attachments: IAttachment[];
    agreementTitle: string;
    agreementStatus: string;
    assignedToEmail: string;
    agreementId: number;
    editorEmail: string;
    id: number;
    title: string;
    created: string;
    creatorEmail: string;
    creatorFirstName: string;
    creatorLastName: string;
    modified: string;
    editor: string;
    assignedTo: string;
}

export interface IAttachment {
    fileName: string;
    linkUrl: string;
}

export interface ITaskOutcome {
    name: string;
    description: string;
}

export interface ITaskParticipant {
    title: string;
    userName: string;
    position: string;
    email: string;
}

export interface IDelegateTaskModel {
    userName: string;
    comments: string;
}

export interface IProcessingTaskModel {
    outcomeName: string;
    comments: string;
}

export interface IOutsourcingJob {
    taskType: 'AllTasks' | 'Unknown' | 'Vacation' | 'Outsourcing' | 'Overtime' | 'Agreement' | 'PaymentRequest';
    workflowName: string;
    id: number;
    title: string;
    created: string;
    creatorEmail: string;
    creatorFirstName: string;
    creatorLastName: string;
    modified: string;
    editor: string;
    status: string;
    assignedTo: string;
}

export interface IProcessingJobTaskModel {
    hours: number;
    outcomeName: string;
    comments: string;
}

export interface IOvertimeJob {
    taskType: 'AllTasks' | 'Unknown' | 'Vacation' | 'Outsourcing' | 'Overtime' | 'Agreement' | 'PaymentRequest';
    workflowName: string;
    id: number;
    title: string;
    created: string;
    creatorEmail: string;
    creatorFirstName: string;
    creatorLastName: string;
    modified: string;
    editor: string;
    status: string;
    assignedTo: string;
}

export interface IPaymentRequest {
    payUntilDate: string;
    budgetCode: string;
    currencyCode: string;
    supplier: string;
    paymentMethod: string;
    invNo: string;
    amount: number;
    taskType: 'AllTasks' | 'Unknown' | 'Vacation' | 'Outsourcing' | 'Overtime' | 'Agreement' | 'PaymentRequest';
    id: number;
    title: string;
    created: string;
    creatorEmail: string;
    creatorFirstName: string;
    creatorLastName: string;
    modified: string;
    editor: string;
    status: string;
    assignedTo: string;
}

export interface ITaskModel {
    id: number;
    taskType: 'AllTasks' | 'Unknown' | 'Vacation' | 'Outsourcing' | 'Overtime' | 'Agreement' | 'PaymentRequest';
    title: string;
    created: string;
    creatorEmail: string;
    creatorFirstName: string;
    creatorLastName: string;
    modified: string;
    editor: string;
}

export interface IAppUser {
    userName: string;
    surname: string;
    password: string;
}

export interface IUserListItem {
    firstName: string;
    lastName: string;
    email: string;
}

export interface IVacation {
    taskType: 'AllTasks' | 'Unknown' | 'Vacation' | 'Outsourcing' | 'Overtime' | 'Agreement' | 'PaymentRequest';
    id: number;
    title: string;
    created: string;
    creatorEmail: string;
    creatorFirstName: string;
    creatorLastName: string;
    modified: string;
    editor: string;
    status: string;
    assignedTo: string;
}
"
`;
